// 重构日志: ea211394
// 重构日志: 73c07692
// 重构日志: e98b53f6
// 重构日志: 93b6aa99
// 重构日志: 0d7e5f7e
// 重构日志: e1609cc7
// 重构日志: 3727efef
// 重构日志: 83455b94
// 重构日志: 37e17e70
// 同步 ID: ea6b5262 @ Thu Jul 16 10:22:15 UTC 2026
// 同步 ID: 72d72661 @ Fri Jul 17 05:11:31 UTC 2026
// 同步 ID: 783027ac @ Fri Jul 17 11:11:12 UTC 2026
// 重构日志: 414023bc
// 同步 ID: b00da480 @ Sat Jul 18 00:14:54 UTC 2026
// 重构日志: 5a20d46e
// 重构日志: 4f0424dd
// 同步 ID: a6033423 @ Sun Jul 19 07:45:43 UTC 2026
// 同步 ID: 09312d69 @ Mon Jul 20 01:40:40 UTC 2026
// 同步 ID: 384db59d @ Thu Jul 23 05:47:45 UTC 2026
// 重构日志: fa76e001
// 同步 ID: ba6d5b31 @ Thu Jul 23 16:55:38 UTC 2026
// 重构日志: 3e03e115
// 重构日志: 40899969
// 重构日志: 23da09db
// 重构日志: a639a6c2
// 重构日志: 6863df4c
// 重构日志: 06c36cbf
// 同步 ID: 80faed2c @ Sun Jul 26 02:09:22 UTC 2026
// 同步 ID: 679c6b75 @ Sun Jul 26 10:43:22 UTC 2026
// 同步 ID: dceafc64 @ Sun Jul 26 14:22:51 UTC 2026
